Archive member included to satisfy reference by file (symbol)

c:/program files (x86)/atollic/truestudio for arm 8.1.0/armtools/bin/../lib/gcc/arm-atollic-eabi/6.3.1/../../../../arm-atollic-eabi/lib/armv7-m\libc_nano.a(lib_a-init.o)
                              startup\startup_stm32f103xb.o (__libc_init_array)
c:/program files (x86)/atollic/truestudio for arm 8.1.0/armtools/bin/../lib/gcc/arm-atollic-eabi/6.3.1/../../../../arm-atollic-eabi/lib/armv7-m\libc_nano.a(lib_a-memset.o)
                              Src\main.o (memset)
c:/program files (x86)/atollic/truestudio for arm 8.1.0/armtools/bin/../lib/gcc/arm-atollic-eabi/6.3.1/../../../../arm-atollic-eabi/lib/armv7-m\libc_nano.a(lib_a-strlen.o)
                              Src\main.o (strlen)

Allocating common symbols
Common symbol       size              file

hUsbDeviceFS        0x224             Src\usb_device.o
htim4               0x40              Src\main.o
huart3              0x40              Src\main.o
mediaHID            0x2               Src\main.o
RFID_buffer         0x1e              Src\main.o
uwTick              0x4               Drivers\STM32F1xx_HAL_Driver\Src\stm32f1xx_hal.o
pFlash              0x20              Drivers\STM32F1xx_HAL_Driver\Src\stm32f1xx_hal_flash.o
keyboardHID         0x5               Src\main.o
RFID_to_send        0x1e              Src\main.o
hpcd_USB_FS         0x460             Src\usbd_conf.o
USBD_StrDesc        0x200             Src\usbd_desc.o

Discarded input sections

 .text          0x00000000        0x0 c:/program files (x86)/atollic/truestudio for arm 8.1.0/armtools/bin/../lib/gcc/arm-atollic-eabi/6.3.1/armv7-m/crti.o
 .data          0x00000000        0x0 c:/program files (x86)/atollic/truestudio for arm 8.1.0/armtools/bin/../lib/gcc/arm-atollic-eabi/6.3.1/armv7-m/crti.o
 .bss           0x00000000        0x0 c:/program files (x86)/atollic/truestudio for arm 8.1.0/armtools/bin/../lib/gcc/arm-atollic-eabi/6.3.1/armv7-m/crti.o
 .data          0x00000000        0x4 c:/program files (x86)/atollic/truestudio for arm 8.1.0/armtools/bin/../lib/gcc/arm-atollic-eabi/6.3.1/armv7-m/crtbegin.o
 .text          0x00000000        0x0 Drivers\STM32F1xx_HAL_Driver\Src\stm32f1xx_hal.o
 .data          0x00000000        0x0 Drivers\STM32F1xx_HAL_Driver\Src\stm32f1xx_hal.o
 .bss           0x00000000        0x0 Drivers\STM32F1xx_HAL_Driver\Src\stm32f1xx_hal.o
 .text.HAL_DeInit
                0x00000000       0x30 Drivers\STM32F1xx_HAL_Driver\Src\stm32f1xx_hal.o
 .text.HAL_MspInit
                0x00000000        0xc Drivers\STM32F1xx_HAL_Driver\Src\stm32f1xx_hal.o
 .text.HAL_MspDeInit
                0x00000000        0xc Drivers\STM32F1xx_HAL_Driver\Src\stm32f1xx_hal.o
 .text.HAL_SuspendTick
                0x00000000       0x1c Drivers\STM32F1xx_HAL_Driver\Src\stm32f1xx_hal.o
 .text.HAL_ResumeTick
                0x00000000       0x1c Drivers\STM32F1xx_HAL_Driver\Src\stm32f1xx_hal.o
 .text.HAL_GetHalVersion
                0x00000000       0x14 Drivers\STM32F1xx_HAL_Driver\Src\stm32f1xx_hal.o
 .text.HAL_GetREVID
                0x00000000       0x18 Drivers\STM32F1xx_HAL_Driver\Src\stm32f1xx_hal.o
 .text.HAL_GetDEVID
                0x00000000       0x18 Drivers\STM32F1xx_HAL_Driver\Src\stm32f1xx_hal.o
 .text.HAL_DBGMCU_EnableDBGSleepMode
                0x00000000       0x1c Drivers\STM32F1xx_HAL_Driver\Src\stm32f1xx_hal.o
 .text.HAL_DBGMCU_DisableDBGSleepMode
                0x00000000       0x1c Drivers\STM32F1xx_HAL_Driver\Src\stm32f1xx_hal.o
 .text.HAL_DBGMCU_EnableDBGStopMode
                0x00000000       0x1c Drivers\STM32F1xx_HAL_Driver\Src\stm32f1xx_hal.o
 .text.HAL_DBGMCU_DisableDBGStopMode
                0x00000000       0x1c Drivers\STM32F1xx_HAL_Driver\Src\stm32f1xx_hal.o
 .text.HAL_DBGMCU_EnableDBGStandbyMode
                0x00000000       0x1c Drivers\STM32F1xx_HAL_Driver\Src\stm32f1xx_hal.o
 .text.HAL_DBGMCU_DisableDBGStandbyMode
                0x00000000       0x1c Drivers\STM32F1xx_HAL_Driver\Src\stm32f1xx_hal.o
 .text.HAL_GetUID
                0x00000000       0x3c Drivers\STM32F1xx_HAL_Driver\Src\stm32f1xx_hal.o
 .text          0x00000000        0x0 Drivers\STM32F1xx_HAL_Driver\Src\stm32f1xx_hal_cortex.o
 .data          0x00000000        0x0 Drivers\STM32F1xx_HAL_Driver\Src\stm32f1xx_hal_cortex.o
 .bss           0x00000000        0x0 Drivers\STM32F1xx_HAL_Driver\Src\stm32f1xx_hal_cortex.o
 .text.NVIC_DisableIRQ
                0x00000000       0x34 Drivers\STM32F1xx_HAL_Driver\Src\stm32f1xx_hal_cortex.o
 .text.NVIC_GetPendingIRQ
                0x00000000       0x34 Drivers\STM32F1xx_HAL_Driver\Src\stm32f1xx_hal_cortex.o
 .text.NVIC_SetPendingIRQ
                0x00000000       0x34 Drivers\STM32F1xx_HAL_Driver\Src\stm32f1xx_hal_cortex.o
 .text.NVIC_ClearPendingIRQ
                0x00000000       0x34 Drivers\STM32F1xx_HAL_Driver\Src\stm32f1xx_hal_cortex.o
 .text.NVIC_GetActive
                0x00000000       0x34 Drivers\STM32F1xx_HAL_Driver\Src\stm32f1xx_hal_cortex.o
 .text.NVIC_GetPriority
[...]
Memory Configuration

Name             Origin             Length             Attributes
RAM              0x20000000         0x00005000         xrw
FLASH            0x08000000         0x00010000         xr
*default*        0x00000000         0xffffffff

Linker script and memory map

LOAD c:/program files (x86)/atollic/truestudio for arm 8.1.0/armtools/bin/../lib/gcc/arm-atollic-eabi/6.3.1/armv7-m/crti.o
LOAD c:/program files (x86)/atollic/truestudio for arm 8.1.0/armtools/bin/../lib/gcc/arm-atollic-eabi/6.3.1/armv7-m/crtbegin.o
LOAD Drivers\STM32F1xx_HAL_Driver\Src\stm32f1xx_hal.o
LOAD Drivers\STM32F1xx_HAL_Driver\Src\stm32f1xx_hal_cortex.o
LOAD Drivers\STM32F1xx_HAL_Driver\Src\stm32f1xx_hal_dma.o
LOAD Drivers\STM32F1xx_HAL_Driver\Src\stm32f1xx_hal_flash.o
LOAD Drivers\STM32F1xx_HAL_Driver\Src\stm32f1xx_hal_flash_ex.o
LOAD Drivers\STM32F1xx_HAL_Driver\Src\stm32f1xx_hal_gpio.o
LOAD Drivers\STM32F1xx_HAL_Driver\Src\stm32f1xx_hal_gpio_ex.o
LOAD Drivers\STM32F1xx_HAL_Driver\Src\stm32f1xx_hal_pcd.o
LOAD Drivers\STM32F1xx_HAL_Driver\Src\stm32f1xx_hal_pcd_ex.o
LOAD Drivers\STM32F1xx_HAL_Driver\Src\stm32f1xx_hal_pwr.o
LOAD Drivers\STM32F1xx_HAL_Driver\Src\stm32f1xx_hal_rcc.o
LOAD Drivers\STM32F1xx_HAL_Driver\Src\stm32f1xx_hal_rcc_ex.o
LOAD Drivers\STM32F1xx_HAL_Driver\Src\stm32f1xx_hal_tim.o
LOAD Drivers\STM32F1xx_HAL_Driver\Src\stm32f1xx_hal_tim_ex.o
LOAD Drivers\STM32F1xx_HAL_Driver\Src\stm32f1xx_hal_uart.o
LOAD Drivers\STM32F1xx_HAL_Driver\Src\stm32f1xx_ll_usb.o
LOAD Middlewares\ST\STM32_USB_Device_Library\Class\HID\Src\usbd_hid.o
LOAD Middlewares\ST\STM32_USB_Device_Library\Core\Src\usbd_core.o
LOAD Middlewares\ST\STM32_USB_Device_Library\Core\Src\usbd_ctlreq.o
LOAD Middlewares\ST\STM32_USB_Device_Library\Core\Src\usbd_ioreq.o
LOAD Src\main.o
LOAD Src\stm32f1xx_hal_msp.o
LOAD Src\stm32f1xx_it.o
LOAD Src\system_stm32f1xx.o
LOAD Src\usb_device.o
LOAD Src\usbd_conf.o
LOAD Src\usbd_desc.o
LOAD startup\startup_stm32f103xb.o
                0x00000080                malloc_getpagesize_P = 0x80
START GROUP
LOAD c:/program files (x86)/atollic/truestudio for arm 8.1.0/armtools/bin/../lib/gcc/arm-atollic-eabi/6.3.1/../../../../arm-atollic-eabi/lib/armv7-m\libc_nano.a
LOAD c:/program files (x86)/atollic/truestudio for arm 8.1.0/armtools/bin/../lib/gcc/arm-atollic-eabi/6.3.1/../../../../arm-atollic-eabi/lib/armv7-m\libm.a
END GROUP
START GROUP
LOAD c:/program files (x86)/atollic/truestudio for arm 8.1.0/armtools/bin/../lib/gcc/arm-atollic-eabi/6.3.1/armv7-m\libgcc.a
LOAD c:/program files (x86)/atollic/truestudio for arm 8.1.0/armtools/bin/../lib/gcc/arm-atollic-eabi/6.3.1/../../../../arm-atollic-eabi/lib/armv7-m\libc_nano.a
END GROUP
START GROUP
LOAD c:/program files (x86)/atollic/truestudio for arm 8.1.0/armtools/bin/../lib/gcc/arm-atollic-eabi/6.3.1/armv7-m\libgcc.a
LOAD c:/program files (x86)/atollic/truestudio for arm 8.1.0/armtools/bin/../lib/gcc/arm-atollic-eabi/6.3.1/../../../../arm-atollic-eabi/lib/armv7-m\libc_nano.a
LOAD c:/program files (x86)/atollic/truestudio for arm 8.1.0/armtools/bin/../lib/gcc/arm-atollic-eabi/6.3.1/../../../../arm-atollic-eabi/lib/armv7-m\libnosys.a
END GROUP
START GROUP
LOAD c:/program files (x86)/atollic/truestudio for arm 8.1.0/armtools/bin/../lib/gcc/arm-atollic-eabi/6.3.1/armv7-m\libgcc.a
LOAD c:/program files (x86)/atollic/truestudio for arm 8.1.0/armtools/bin/../lib/gcc/arm-atollic-eabi/6.3.1/../../../../arm-atollic-eabi/lib/armv7-m\libc_nano.a
LOAD c:/program files (x86)/atollic/truestudio for arm 8.1.0/armtools/bin/../lib/gcc/arm-atollic-eabi/6.3.1/../../../../arm-atollic-eabi/lib/armv7-m\libnosys.a
END GROUP
LOAD c:/program files (x86)/atollic/truestudio for arm 8.1.0/armtools/bin/../lib/gcc/arm-atollic-eabi/6.3.1/armv7-m/crtend.o
LOAD c:/program files (x86)/atollic/truestudio for arm 8.1.0/armtools/bin/../lib/gcc/arm-atollic-eabi/6.3.1/armv7-m/crtn.o
                0x20005000                _estack = 0x20005000
                0x00000200                _Min_Heap_Size = 0x200
                0x00000400                _Min_Stack_Size = 0x400

.isr_vector     0x08000000      0x10c
                0x08000000                . = ALIGN (0x4)
 *(.isr_vector)
 .isr_vector    0x08000000      0x10c startup\startup_stm32f103xb.o
                0x08000000                g_pfnVectors
                0x0800010c                . = ALIGN (0x4)

.text           0x0800010c     0x625c
                0x0800010c                . = ALIGN (0x4)
 *(.text)
 .text          0x0800010c       0x40 c:/program files (x86)/atollic/truestudio for arm 8.1.0/armtools/bin/../lib/gcc/arm-atollic-eabi/6.3.1/armv7-m/crtbegin.o
 .text          0x0800014c       0x10 c:/program files (x86)/atollic/truestudio for arm 8.1.0/armtools/bin/../lib/gcc/arm-atollic-eabi/6.3.1/../../../../arm-atollic-eabi/lib/armv7-m\libc_nano.a(lib_a-strlen.o)
                0x0800014c                strlen
 *(.text*)
 .text.HAL_Init
                0x0800015c       0x2c Drivers\STM32F1xx_HAL_Driver\Src\stm32f1xx_hal.o
                0x0800015c                HAL_Init
 .text.HAL_InitTick
                0x08000188       0x38 Drivers\STM32F1xx_HAL_Driver\Src\stm32f1xx_hal.o
                0x08000188                HAL_InitTick
 .text.HAL_IncTick
                0x080001c0       0x1c Drivers\STM32F1xx_HAL_Driver\Src\stm32f1xx_hal.o
                0x080001c0                HAL_IncTick
 .text.HAL_GetTick
                0x080001dc       0x14 Drivers\STM32F1xx_HAL_Driver\Src\stm32f1xx_hal.o
                0x080001dc                HAL_GetTick
 .text.HAL_Delay
                0x080001f0       0x3a Drivers\STM32F1xx_HAL_Driver\Src\stm32f1xx_hal.o
                0x080001f0                HAL_Delay
 *fill*         0x0800022a        0x2 
 .text.NVIC_SetPriorityGrouping
                0x0800022c       0x48 Drivers\STM32F1xx_HAL_Driver\Src\stm32f1xx_hal_cortex.o
 .text.NVIC_GetPriorityGrouping
                0x08000274       0x1c Drivers\STM32F1xx_HAL_Driver\Src\stm32f1xx_hal_cortex.o
 .text.NVIC_EnableIRQ
                0x08000290       0x30 Drivers\STM32F1xx_HAL_Driver\Src\stm32f1xx_hal_cortex.o
 .text.NVIC_SetPriority
                0x080002c0       0x54 Drivers\STM32F1xx_HAL_Driver\Src\stm32f1xx_hal_cortex.o
 .text.NVIC_EncodePriority
                0x08000314       0x60 Drivers\STM32F1xx_HAL_Driver\Src\stm32f1xx_hal_cortex.o
 .text.SysTick_Config
                0x08000374       0x44 Drivers\STM32F1xx_HAL_Driver\Src\stm32f1xx_hal_cortex.o
 .text.HAL_NVIC_SetPriorityGrouping
                0x080003b8       0x16 Drivers\STM32F1xx_HAL_Driver\Src\stm32f1xx_hal_cortex.o
                0x080003b8                HAL_NVIC_SetPriorityGrouping
 .text.HAL_NVIC_SetPriority
                0x080003ce       0x38 Drivers\STM32F1xx_HAL_Driver\Src\stm32f1xx_hal_cortex.o
                0x080003ce                HAL_NVIC_SetPriority
 .text.HAL_NVIC_EnableIRQ
                0x08000406       0x1c Drivers\STM32F1xx_HAL_Driver\Src\stm32f1xx_hal_cortex.o
                0x08000406                HAL_NVIC_EnableIRQ
 .text.HAL_SYSTICK_Config
                0x08000422       0x18 Drivers\STM32F1xx_HAL_Driver\Src\stm32f1xx_hal_cortex.o
                0x08000422                HAL_SYSTICK_Config
 *fill*         0x0800043a        0x2 
 .text.HAL_SYSTICK_CLKSourceConfig
                0x0800043c       0x38 Drivers\STM32F1xx_HAL_Driver\Src\stm32f1xx_hal_cortex.o
                0x0800043c                HAL_SYSTICK_CLKSourceConfig
 .text.HAL_SYSTICK_IRQHandler
                0x08000474        0xc Drivers\STM32F1xx_HAL_Driver\Src\stm32f1xx_hal_cortex.o
                0x08000474                HAL_SYSTICK_IRQHandler
 .text.HAL_SYSTICK_Callback
                0x08000480        0xc Drivers\STM32F1xx_HAL_Driver\Src\stm32f1xx_hal_cortex.o
                0x08000480                HAL_SYSTICK_Callback
 .text.HAL_DMA_Abort_IT
                0x0800048c       0xf8 Drivers\STM32F1xx_HAL_Driver\Src\stm32f1xx_hal_dma.o
                0x0800048c                HAL_DMA_Abort_IT
 .text.HAL_GPIO_Init
                0x08000584      0x2bc Drivers\STM32F1xx_HAL_Driver\Src\stm32f1xx_hal_gpio.o
                0x08000584                HAL_GPIO_Init
 .text.HAL_GPIO_WritePin
                0x08000840       0x30 Drivers\STM32F1xx_HAL_Driver\Src\stm32f1xx_hal_gpio.o
                0x08000840                HAL_GPIO_WritePin
 .text.HAL_PCD_Init
                0x08000870      0x1b4 Drivers\STM32F1xx_HAL_Driver\Src\stm32f1xx_hal_pcd.o
                0x08000870                HAL_PCD_Init
 .text.HAL_PCD_Start
                0x08000a24       0x4c Drivers\STM32F1xx_HAL_Driver\Src\stm32f1xx_hal_pcd.o
                0x08000a24                HAL_PCD_Start
 .text.HAL_PCD_IRQHandler
                0x08000a70      0x204 Drivers\STM32F1xx_HAL_Driver\Src\stm32f1xx_hal_pcd.o
                0x08000a70                HAL_PCD_IRQHandler
 .text.HAL_PCD_SetAddress
                0x08000c74       0x4a Drivers\STM32F1xx_HAL_Driver\Src\stm32f1xx_hal_pcd.o
                0x08000c74                HAL_PCD_SetAddress
 .text.HAL_PCD_EP_Open
                0x08000cbe       0xaa Drivers\STM32F1xx_HAL_Driver\Src\stm32f1xx_hal_pcd.o
                0x08000cbe                HAL_PCD_EP_Open
 .text.HAL_PCD_EP_Close
                0x08000d68       0x8c Drivers\STM32F1xx_HAL_Driver\Src\stm32f1xx_hal_pcd.o
                0x08000d68                HAL_PCD_EP_Close
 .text.HAL_PCD_EP_Receive
                0x08000df4       0x78 Drivers\STM32F1xx_HAL_Driver\Src\stm32f1xx_hal_pcd.o
                0x08000df4                HAL_PCD_EP_Receive
 .text.HAL_PCD_EP_Transmit
                0x08000e6c       0x76 Drivers\STM32F1xx_HAL_Driver\Src\stm32f1xx_hal_pcd.o
                0x08000e6c                HAL_PCD_EP_Transmit
 .text.HAL_PCD_EP_SetStall
                0x08000ee2       0xaa Drivers\STM32F1xx_HAL_Driver\Src\stm32f1xx_hal_pcd.o
                0x08000ee2                HAL_PCD_EP_SetStall
 .text.HAL_PCD_EP_ClrStall
                0x08000f8c       0x8e Drivers\STM32F1xx_HAL_Driver\Src\stm32f1xx_hal_pcd.o
                0x08000f8c                HAL_PCD_EP_ClrStall
 *fill*         0x0800101a        0x2 
 .text.PCD_EP_ISR_Handler
                0x0800101c      0x654 Drivers\STM32F1xx_HAL_Driver\Src\stm32f1xx_hal_pcd.o
 .text.HAL_PCDEx_PMAConfig
                0x08001670       0x7a Drivers\STM32F1xx_HAL_Driver\Src\stm32f1xx_hal_pcd_ex.o
                0x08001670                HAL_PCDEx_PMAConfig
 *fill*         0x080016ea        0x2 
 .text.HAL_RCC_OscConfig
                0x080016ec      0x4c8 Drivers\STM32F1xx_HAL_Driver\Src\stm32f1xx_hal_rcc.o
                0x080016ec                HAL_RCC_OscConfig
 .text.HAL_RCC_ClockConfig
                0x08001bb4      0x1e8 Drivers\STM32F1xx_HAL_Driver\Src\stm32f1xx_hal_rcc.o
                0x08001bb4                HAL_RCC_ClockConfig
 .text.HAL_RCC_GetSysClockFreq
                0x08001d9c       0xc4 Drivers\STM32F1xx_HAL_Driver\Src\stm32f1xx_hal_rcc.o
                0x08001d9c                HAL_RCC_GetSysClockFreq
 .text.HAL_RCC_GetHCLKFreq
                0x08001e60       0x14 Drivers\STM32F1xx_HAL_Driver\Src\stm32f1xx_hal_rcc.o
                0x08001e60                HAL_RCC_GetHCLKFreq
 .text.HAL_RCC_GetPCLK1Freq
                0x08001e74       0x28 Drivers\STM32F1xx_HAL_Driver\Src\stm32f1xx_hal_rcc.o
                0x08001e74                HAL_RCC_GetPCLK1Freq
 .text.HAL_RCC_GetPCLK2Freq
                0x08001e9c       0x28 Drivers\STM32F1xx_HAL_Driver\Src\stm32f1xx_hal_rcc.o
                0x08001e9c                HAL_RCC_GetPCLK2Freq
 .text.RCC_Delay
                0x08001ec4       0x3c Drivers\STM32F1xx_HAL_Driver\Src\stm32f1xx_hal_rcc.o
 .text.HAL_RCCEx_PeriphCLKConfig
                0x08001f00      0x16c Drivers\STM32F1xx_HAL_Driver\Src\stm32f1xx_hal_rcc_ex.o
                0x08001f00                HAL_RCCEx_PeriphCLKConfig
 .text.HAL_TIM_Base_Init
                0x0800206c       0x56 Drivers\STM32F1xx_HAL_Driver\Src\stm32f1xx_hal_tim.o
                0x0800206c                HAL_TIM_Base_Init
 .text.HAL_TIM_Base_Start_IT
                0x080020c2       0x34 Drivers\STM32F1xx_HAL_Driver\Src\stm32f1xx_hal_tim.o
                0x080020c2                HAL_TIM_Base_Start_IT
 .text.HAL_TIM_IRQHandler
                0x080020f6      0x210 Drivers\STM32F1xx_HAL_Driver\Src\stm32f1xx_hal_tim.o
                0x080020f6                HAL_TIM_IRQHandler
 .text.HAL_TIM_ConfigClockSource
                0x08002306      0x1b6 Drivers\STM32F1xx_HAL_Driver\Src\stm32f1xx_hal_tim.o
                0x08002306                HAL_TIM_ConfigClockSource
 .text.HAL_TIM_PeriodElapsedCallback
                0x080024bc       0x12 Drivers\STM32F1xx_HAL_Driver\Src\stm32f1xx_hal_tim.o
                0x080024bc                HAL_TIM_PeriodElapsedCallback
 .text.HAL_TIM_OC_DelayElapsedCallback
                0x080024ce       0x12 Drivers\STM32F1xx_HAL_Driver\Src\stm32f1xx_hal_tim.o
                0x080024ce                HAL_TIM_OC_DelayElapsedCallback
 .text.HAL_TIM_IC_CaptureCallback
                0x080024e0       0x12 Drivers\STM32F1xx_HAL_Driver\Src\stm32f1xx_hal_tim.o
                0x080024e0                HAL_TIM_IC_CaptureCallback
 .text.HAL_TIM_PWM_PulseFinishedCallback
                0x080024f2       0x12 Drivers\STM32F1xx_HAL_Driver\Src\stm32f1xx_hal_tim.o
                0x080024f2                HAL_TIM_PWM_PulseFinishedCallback
 .text.HAL_TIM_TriggerCallback
                0x08002504       0x12 Drivers\STM32F1xx_HAL_Driver\Src\stm32f1xx_hal_tim.o
                0x08002504                HAL_TIM_TriggerCallback
 *fill*         0x08002516        0x2 
 .text.TIM_Base_SetConfig
                0x08002518       0xcc Drivers\STM32F1xx_HAL_Driver\Src\stm32f1xx_hal_tim.o
                0x08002518                TIM_Base_SetConfig
 .text.TIM_TI1_ConfigInputStage
                0x080025e4       0x64 Drivers\STM32F1xx_HAL_Driver\Src\stm32f1xx_hal_tim.o
 .text.TIM_TI2_ConfigInputStage
                0x08002648       0x66 Drivers\STM32F1xx_HAL_Driver\Src\stm32f1xx_hal_tim.o
 .text.TIM_ITRx_SetConfig
                0x080026ae       0x3e Drivers\STM32F1xx_HAL_Driver\Src\stm32f1xx_hal_tim.o
 .text.TIM_ETR_SetConfig
                0x080026ec       0x42 Drivers\STM32F1xx_HAL_Driver\Src\stm32f1xx_hal_tim.o
 .text.HAL_TIMEx_MasterConfigSynchronization
                0x0800272e       0x88 Drivers\STM32F1xx_HAL_Driver\Src\stm32f1xx_hal_tim_ex.o
                0x0800272e                HAL_TIMEx_MasterConfigSynchronization
 .text.HAL_TIMEx_CommutationCallback
                0x080027b6       0x12 Drivers\STM32F1xx_HAL_Driver\Src\stm32f1xx_hal_tim_ex.o
                0x080027b6                HAL_TIMEx_CommutationCallback
 .text.HAL_TIMEx_BreakCallback
                0x080027c8       0x12 Drivers\STM32F1xx_HAL_Driver\Src\stm32f1xx_hal_tim_ex.o
                0x080027c8                HAL_TIMEx_BreakCallback
 .text.HAL_UART_Init
                0x080027da       0x9a Drivers\STM32F1xx_HAL_Driver\Src\stm32f1xx_hal_uart.o
                0x080027da                HAL_UART_Init
 .text.HAL_UART_Receive
                0x08002874      0x14c Drivers\STM32F1xx_HAL_Driver\Src\stm32f1xx_hal_uart.o
                0x08002874                HAL_UART_Receive
 .text.HAL_UART_IRQHandler
                0x080029c0      0x1f8 Drivers\STM32F1xx_HAL_Driver\Src\stm32f1xx_hal_uart.o
                0x080029c0                HAL_UART_IRQHandler
 .text.HAL_UART_TxCpltCallback
                0x08002bb8       0x12 Drivers\STM32F1xx_HAL_Driver\Src\stm32f1xx_hal_uart.o
                0x08002bb8                HAL_UART_TxCpltCallback
 .text.HAL_UART_RxCpltCallback
                0x08002bca       0x12 Drivers\STM32F1xx_HAL_Driver\Src\stm32f1xx_hal_uart.o
                0x08002bca                HAL_UART_RxCpltCallback
 .text.HAL_UART_ErrorCallback
                0x08002bdc       0x12 Drivers\STM32F1xx_HAL_Driver\Src\stm32f1xx_hal_uart.o
                0x08002bdc                HAL_UART_ErrorCallback
 .text.UART_WaitOnFlagUntilTimeout
                0x08002bee       0x94 Drivers\STM32F1xx_HAL_Driver\Src\stm32f1xx_hal_uart.o
 .text.UART_EndRxTransfer
                0x08002c82       0x3a Drivers\STM32F1xx_HAL_Driver\Src\stm32f1xx_hal_uart.o
 .text.UART_DMAAbortOnError
                0x08002cbc       0x28 Drivers\STM32F1xx_HAL_Driver\Src\stm32f1xx_hal_uart.o
 .text.UART_Transmit_IT
                0x08002ce4       0xa8 Drivers\STM32F1xx_HAL_Driver\Src\stm32f1xx_hal_uart.o
 .text.UART_EndTransmit_IT
                0x08002d8c       0x30 Drivers\STM32F1xx_HAL_Driver\Src\stm32f1xx_hal_uart.o
 .text.UART_Receive_IT
                0x08002dbc      0x102 Drivers\STM32F1xx_HAL_Driver\Src\stm32f1xx_hal_uart.o
 *fill*         0x08002ebe        0x2 
 .text.UART_SetConfig
                0x08002ec0      0x230 Drivers\STM32F1xx_HAL_Driver\Src\stm32f1xx_hal_uart.o
 .text.USB_CoreInit
                0x080030f0       0x20 Drivers\STM32F1xx_HAL_Driver\Src\stm32f1xx_ll_usb.o
                0x080030f0                USB_CoreInit
 .text.USB_EnableGlobalInt
                0x08003110       0x34 Drivers\STM32F1xx_HAL_Driver\Src\stm32f1xx_ll_usb.o
                0x08003110                USB_EnableGlobalInt
 .text.USB_DisableGlobalInt
                0x08003144       0x38 Drivers\STM32F1xx_HAL_Driver\Src\stm32f1xx_ll_usb.o
                0x08003144                USB_DisableGlobalInt
 .text.USB_SetCurrentMode
                0x0800317c       0x18 Drivers\STM32F1xx_HAL_Driver\Src\stm32f1xx_ll_usb.o
                0x0800317c                USB_SetCurrentMode
 .text.USB_DevInit
                0x08003194       0x48 Drivers\STM32F1xx_HAL_Driver\Src\stm32f1xx_ll_usb.o
                0x08003194                USB_DevInit
 .text.USB_ActivateEndpoint
                0x080031dc      0x584 Drivers\STM32F1xx_HAL_Driver\Src\stm32f1xx_ll_usb.o
                0x080031dc                USB_ActivateEndpoint
 .text.USB_DeactivateEndpoint
                0x08003760      0x310 Drivers\STM32F1xx_HAL_Driver\Src\stm32f1xx_ll_usb.o
                0x08003760                USB_DeactivateEndpoint
 .text.USB_EPStartXfer
                0x08003a70      0x504 Drivers\STM32F1xx_HAL_Driver\Src\stm32f1xx_ll_usb.o
                0x08003a70                USB_EPStartXfer
 .text.USB_EPSetStall
                0x08003f74       0xc0 Drivers\STM32F1xx_HAL_Driver\Src\stm32f1xx_ll_usb.o
                0x08003f74                USB_EPSetStall
 .text.USB_EPClearStall
                0x08004034      0x114 Drivers\STM32F1xx_HAL_Driver\Src\stm32f1xx_ll_usb.o
                0x08004034                USB_EPClearStall
 .text.USB_SetDevAddress
                0x08004148       0x26 Drivers\STM32F1xx_HAL_Driver\Src\stm32f1xx_ll_usb.o
                0x08004148                USB_SetDevAddress
 .text.USB_DevConnect
                0x0800416e       0x14 Drivers\STM32F1xx_HAL_Driver\Src\stm32f1xx_ll_usb.o
                0x0800416e                USB_DevConnect
 .text.USB_DevDisconnect
                0x08004182       0x14 Drivers\STM32F1xx_HAL_Driver\Src\stm32f1xx_ll_usb.o
                0x08004182                USB_DevDisconnect
 .text.USB_ReadInterrupts
                0x08004196       0x22 Drivers\STM32F1xx_HAL_Driver\Src\stm32f1xx_ll_usb.o
                0x08004196                USB_ReadInterrupts
 .text.USB_EP0_OutStart
                0x080041b8       0x16 Drivers\STM32F1xx_HAL_Driver\Src\stm32f1xx_ll_usb.o
                0x080041b8                USB_EP0_OutStart
 .text.USB_WritePMA
                0x080041ce       0x8c Drivers\STM32F1xx_HAL_Driver\Src\stm32f1xx_ll_usb.o
                0x080041ce                USB_WritePMA
 .text.USB_ReadPMA
                0x0800425a       0x6a Drivers\STM32F1xx_HAL_Driver\Src\stm32f1xx_ll_usb.o
                0x0800425a                USB_ReadPMA
 .text.USBD_HID_Init
                0x080042c4       0x4e Middlewares\ST\STM32_USB_Device_Library\Class\HID\Src\usbd_hid.o
 .text.USBD_HID_DeInit
                0x08004312       0x3c Middlewares\ST\STM32_USB_Device_Library\Class\HID\Src\usbd_hid.o
 *fill*         0x0800434e        0x2 
 .text.USBD_HID_Setup
                0x08004350      0x138 Middlewares\ST\STM32_USB_Device_Library\Class\HID\Src\usbd_hid.o
 .text.USBD_HID_SendReport
                0x08004488       0x44 Middlewares\ST\STM32_USB_Device_Library\Class\HID\Src\usbd_hid.o
                0x08004488                USBD_HID_SendReport
 .text.USBD_HID_GetCfgDesc
                0x080044cc       0x20 Middlewares\ST\STM32_USB_Device_Library\Class\HID\Src\usbd_hid.o
 .text.USBD_HID_DataIn
                0x080044ec       0x22 Middlewares\ST\STM32_USB_Device_Library\Class\HID\Src\usbd_hid.o
 *fill*         0x0800450e        0x2 
 .text.USBD_HID_GetDeviceQualifierDesc
                0x08004510       0x20 Middlewares\ST\STM32_USB_Device_Library\Class\HID\Src\usbd_hid.o
 .text.USBD_Init
                0x08004530       0x56 Middlewares\ST\STM32_USB_Device_Library\Core\Src\usbd_core.o
                0x08004530                USBD_Init
 .text.USBD_RegisterClass
                0x08004586       0x32 Middlewares\ST\STM32_USB_Device_Library\Core\Src\usbd_core.o
                0x08004586                USBD_RegisterClass
 .text.USBD_Start
                0x080045b8       0x18 Middlewares\ST\STM32_USB_Device_Library\Core\Src\usbd_core.o
                0x080045b8                USBD_Start
 .text.USBD_RunTestMode
                0x080045d0       0x14 Middlewares\ST\STM32_USB_Device_Library\Core\Src\usbd_core.o
                0x080045d0                USBD_RunTestMode
 .text.USBD_SetClassConfig
                0x080045e4       0x3e Middlewares\ST\STM32_USB_Device_Library\Core\Src\usbd_core.o
                0x080045e4                USBD_SetClassConfig
 .text.USBD_ClrClassConfig
                0x08004622       0x26 Middlewares\ST\STM32_USB_Device_Library\Core\Src\usbd_core.o
                0x08004622                USBD_ClrClassConfig
 .text.USBD_LL_SetupStage
                0x08004648       0x94 Middlewares\ST\STM32_USB_Device_Library\Core\Src\usbd_core.o
                0x08004648                USBD_LL_SetupStage
 .text.USBD_LL_DataOutStage
                0x080046dc       0xb6 Middlewares\ST\STM32_USB_Device_Library\Core\Src\usbd_core.o
                0x080046dc                USBD_LL_DataOutStage
 .text.USBD_LL_DataInStage
                0x08004792      0x11e Middlewares\ST\STM32_USB_Device_Library\Core\Src\usbd_core.o
                0x08004792                USBD_LL_DataInStage
 .text.USBD_LL_Reset
                0x080048b0       0x5e Middlewares\ST\STM32_USB_Device_Library\Core\Src\usbd_core.o
                0x080048b0                USBD_LL_Reset
 .text.USBD_LL_SetSpeed
                0x0800490e       0x1e Middlewares\ST\STM32_USB_Device_Library\Core\Src\usbd_core.o
                0x0800490e                USBD_LL_SetSpeed
 .text.USBD_LL_Suspend
                0x0800492c       0x28 Middlewares\ST\STM32_USB_Device_Library\Core\Src\usbd_core.o
                0x0800492c                USBD_LL_Suspend
 .text.USBD_LL_Resume
                0x08004954       0x20 Middlewares\ST\STM32_USB_Device_Library\Core\Src\usbd_core.o
                0x08004954                USBD_LL_Resume
 .text.USBD_LL_SOF
                0x08004974       0x34 Middlewares\ST\STM32_USB_Device_Library\Core\Src\usbd_core.o
                0x08004974                USBD_LL_SOF
 .text.USBD_StdDevReq
                0x080049a8       0xa0 Middlewares\ST\STM32_USB_Device_Library\Core\Src\usbd_ctlreq.o
                0x080049a8                USBD_StdDevReq
 .text.USBD_StdItfReq
                0x08004a48       0x66 Middlewares\ST\STM32_USB_Device_Library\Core\Src\usbd_ctlreq.o
                0x08004a48                USBD_StdItfReq
 .text.USBD_StdEPReq
                0x08004aae      0x1b0 Middlewares\ST\STM32_USB_Device_Library\Core\Src\usbd_ctlreq.o
                0x08004aae                USBD_StdEPReq
 *fill*         0x08004c5e        0x2 
 .text.USBD_GetDescriptor
                0x08004c60      0x1e8 Middlewares\ST\STM32_USB_Device_Library\Core\Src\usbd_ctlreq.o
 .text.USBD_SetAddress
                0x08004e48       0x7c Middlewares\ST\STM32_USB_Device_Library\Core\Src\usbd_ctlreq.o
 .text.USBD_SetConfig
                0x08004ec4      0x110 Middlewares\ST\STM32_USB_Device_Library\Core\Src\usbd_ctlreq.o
 .text.USBD_GetConfig
                0x08004fd4       0x64 Middlewares\ST\STM32_USB_Device_Library\Core\Src\usbd_ctlreq.o
 .text.USBD_GetStatus
                0x08005038       0x54 Middlewares\ST\STM32_USB_Device_Library\Core\Src\usbd_ctlreq.o
 .text.USBD_SetFeature
                0x0800508c       0x36 Middlewares\ST\STM32_USB_Device_Library\Core\Src\usbd_ctlreq.o
 .text.USBD_ClrFeature
                0x080050c2       0x50 Middlewares\ST\STM32_USB_Device_Library\Core\Src\usbd_ctlreq.o
 .text.USBD_ParseSetupRequest
                0x08005112       0x78 Middlewares\ST\STM32_USB_Device_Library\Core\Src\usbd_ctlreq.o
                0x08005112                USBD_ParseSetupRequest
 .text.USBD_CtlError
                0x0800518a       0x22 Middlewares\ST\STM32_USB_Device_Library\Core\Src\usbd_ctlreq.o
                0x0800518a                USBD_CtlError
 .text.USBD_GetString
                0x080051ac       0x86 Middlewares\ST\STM32_USB_Device_Library\Core\Src\usbd_ctlreq.o
                0x080051ac                USBD_GetString
 .text.USBD_GetLen
                0x08005232       0x2e Middlewares\ST\STM32_USB_Device_Library\Core\Src\usbd_ctlreq.o
 .text.USBD_CtlSendData
                0x08005260       0x38 Middlewares\ST\STM32_USB_Device_Library\Core\Src\usbd_ioreq.o
                0x08005260                USBD_CtlSendData
 .text.USBD_CtlContinueSendData
                0x08005298       0x24 Middlewares\ST\STM32_USB_Device_Library\Core\Src\usbd_ioreq.o
                0x08005298                USBD_CtlContinueSendData
 .text.USBD_CtlContinueRx
                0x080052bc       0x24 Middlewares\ST\STM32_USB_Device_Library\Core\Src\usbd_ioreq.o
                0x080052bc                USBD_CtlContinueRx
 .text.USBD_CtlSendStatus
                0x080052e0       0x26 Middlewares\ST\STM32_USB_Device_Library\Core\Src\usbd_ioreq.o
                0x080052e0                USBD_CtlSendStatus
 .text.USBD_CtlReceiveStatus
                0x08005306       0x26 Middlewares\ST\STM32_USB_Device_Library\Core\Src\usbd_ioreq.o
                0x08005306                USBD_CtlReceiveStatus
 .text.send_password
                0x0800532c      0x1d0 Src\main.o
                0x0800532c                send_password
 .text.main     0x080054fc       0x94 Src\main.o
                0x080054fc                main
 .text.SystemClock_Config
                0x08005590       0xc4 Src\main.o
                0x08005590                SystemClock_Config
 .text.MX_TIM4_Init
                0x08005654       0x9c Src\main.o
 .text.MX_USART3_UART_Init
                0x080056f0       0x5c Src\main.o
 .text.MX_GPIO_Init
                0x0800574c       0x98 Src\main.o
 .text._Error_Handler
                0x080057e4        0xc Src\main.o
                0x080057e4                _Error_Handler
 .text.HAL_MspInit
                0x080057f0       0xa0 Src\stm32f1xx_hal_msp.o
                0x080057f0                HAL_MspInit
 .text.HAL_TIM_Base_MspInit
                0x08005890       0x4c Src\stm32f1xx_hal_msp.o
                0x08005890                HAL_TIM_Base_MspInit
 .text.HAL_UART_MspInit
                0x080058dc       0x84 Src\stm32f1xx_hal_msp.o
                0x080058dc                HAL_UART_MspInit
 .text.NMI_Handler
                0x08005960        0xc Src\stm32f1xx_it.o
                0x08005960                NMI_Handler
 .text.HardFault_Handler
                0x0800596c        0x6 Src\stm32f1xx_it.o
                0x0800596c                HardFault_Handler
 .text.MemManage_Handler
                0x08005972        0x6 Src\stm32f1xx_it.o
                0x08005972                MemManage_Handler
 .text.BusFault_Handler
                0x08005978        0x6 Src\stm32f1xx_it.o
                0x08005978                BusFault_Handler
 .text.UsageFault_Handler
                0x0800597e        0x6 Src\stm32f1xx_it.o
                0x0800597e                UsageFault_Handler
 .text.SVC_Handler
                0x08005984        0xc Src\stm32f1xx_it.o
                0x08005984                SVC_Handler
 .text.DebugMon_Handler
                0x08005990        0xc Src\stm32f1xx_it.o
                0x08005990                DebugMon_Handler
 .text.PendSV_Handler
                0x0800599c        0xc Src\stm32f1xx_it.o
                0x0800599c                PendSV_Handler
 .text.SysTick_Handler
                0x080059a8       0x10 Src\stm32f1xx_it.o
                0x080059a8                SysTick_Handler
 .text.USB_LP_CAN1_RX0_IRQHandler
                0x080059b8       0x14 Src\stm32f1xx_it.o
                0x080059b8                USB_LP_CAN1_RX0_IRQHandler
 .text.TIM4_IRQHandler
                0x080059cc       0x70 Src\stm32f1xx_it.o
                0x080059cc                TIM4_IRQHandler
 .text.USART3_IRQHandler
                0x08005a3c       0x58 Src\stm32f1xx_it.o
                0x08005a3c                USART3_IRQHandler
 .text.SystemInit
                0x08005a94       0x68 Src\system_stm32f1xx.o
                0x08005a94                SystemInit
 .text.MX_USB_DEVICE_Init
                0x08005afc       0x2c Src\usb_device.o
                0x08005afc                MX_USB_DEVICE_Init
 .text.HAL_PCD_MspInit
                0x08005b28       0x4c Src\usbd_conf.o
                0x08005b28                HAL_PCD_MspInit
 .text.HAL_PCD_SetupStageCallback
                0x08005b74       0x24 Src\usbd_conf.o
                0x08005b74                HAL_PCD_SetupStageCallback
 .text.HAL_PCD_DataOutStageCallback
                0x08005b98       0x30 Src\usbd_conf.o
                0x08005b98                HAL_PCD_DataOutStageCallback
 .text.HAL_PCD_DataInStageCallback
                0x08005bc8       0x2e Src\usbd_conf.o
                0x08005bc8                HAL_PCD_DataInStageCallback
 .text.HAL_PCD_SOFCallback
                0x08005bf6       0x1c Src\usbd_conf.o
                0x08005bf6                HAL_PCD_SOFCallback
 .text.HAL_PCD_ResetCallback
                0x08005c12       0x44 Src\usbd_conf.o
                0x08005c12                HAL_PCD_ResetCallback
 *fill*         0x08005c56        0x2 
 .text.HAL_PCD_SuspendCallback
                0x08005c58       0x34 Src\usbd_conf.o
                0x08005c58                HAL_PCD_SuspendCallback
 .text.HAL_PCD_ResumeCallback
                0x08005c8c       0x1c Src\usbd_conf.o
                0x08005c8c                HAL_PCD_ResumeCallback
 .text.USBD_LL_Init
                0x08005ca8       0xa0 Src\usbd_conf.o
                0x08005ca8                USBD_LL_Init
 .text.USBD_LL_Start
                0x08005d48       0x64 Src\usbd_conf.o
                0x08005d48                USBD_LL_Start
 .text.USBD_LL_OpenEP
                0x08005dac       0x7c Src\usbd_conf.o
                0x08005dac                USBD_LL_OpenEP
 .text.USBD_LL_CloseEP
                0x08005e28       0x6c Src\usbd_conf.o
                0x08005e28                USBD_LL_CloseEP
 .text.USBD_LL_StallEP
                0x08005e94       0x6c Src\usbd_conf.o
                0x08005e94                USBD_LL_StallEP
 .text.USBD_LL_ClearStallEP
                0x08005f00       0x6c Src\usbd_conf.o
                0x08005f00                USBD_LL_ClearStallEP
 .text.USBD_LL_IsStallEP
                0x08005f6c       0x4a Src\usbd_conf.o
                0x08005f6c                USBD_LL_IsStallEP
 *fill*         0x08005fb6        0x2 
 .text.USBD_LL_SetUSBAddress
                0x08005fb8       0x6c Src\usbd_conf.o
                0x08005fb8                USBD_LL_SetUSBAddress
 .text.USBD_LL_Transmit
                0x08006024       0x74 Src\usbd_conf.o
                0x08006024                USBD_LL_Transmit
 .text.USBD_LL_PrepareReceive
                0x08006098       0x74 Src\usbd_conf.o
                0x08006098                USBD_LL_PrepareReceive
 .text.USBD_static_malloc
                0x0800610c       0x18 Src\usbd_conf.o
                0x0800610c                USBD_static_malloc
 .text.USBD_static_free
                0x08006124       0x12 Src\usbd_conf.o
                0x08006124                USBD_static_free
 .text.HAL_PCDEx_SetConnectionState
                0x08006136       0x16 Src\usbd_conf.o
                0x08006136                HAL_PCDEx_SetConnectionState
 .text.USBD_FS_DeviceDescriptor
                0x0800614c       0x24 Src\usbd_desc.o
                0x0800614c                USBD_FS_DeviceDescriptor
 .text.USBD_FS_LangIDStrDescriptor
                0x08006170       0x24 Src\usbd_desc.o
                0x08006170                USBD_FS_LangIDStrDescriptor
 .text.USBD_FS_ProductStrDescriptor
                0x08006194       0x3c Src\usbd_desc.o
                0x08006194                USBD_FS_ProductStrDescriptor
 .text.USBD_FS_ManufacturerStrDescriptor
                0x080061d0       0x28 Src\usbd_desc.o
                0x080061d0                USBD_FS_ManufacturerStrDescriptor
 .text.USBD_FS_SerialStrDescriptor
                0x080061f8       0x3c Src\usbd_desc.o
                0x080061f8                USBD_FS_SerialStrDescriptor
 .text.USBD_FS_ConfigStrDescriptor
                0x08006234       0x3c Src\usbd_desc.o
                0x08006234                USBD_FS_ConfigStrDescriptor
 .text.USBD_FS_InterfaceStrDescriptor
                0x08006270       0x3c Src\usbd_desc.o
                0x08006270                USBD_FS_InterfaceStrDescriptor
 .text.Reset_Handler
                0x080062ac       0x48 startup\startup_stm32f103xb.o
                0x080062ac                Reset_Handler
 .text.Default_Handler
                0x080062f4        0x2 startup\startup_stm32f103xb.o
                0x080062f4                RTC_Alarm_IRQHandler
                0x080062f4                EXTI2_IRQHandler
                0x080062f4                TIM1_CC_IRQHandler
                0x080062f4                PVD_IRQHandler
                0x080062f4                EXTI3_IRQHandler
                0x080062f4                EXTI0_IRQHandler
                0x080062f4                I2C2_EV_IRQHandler
                0x080062f4                ADC1_2_IRQHandler
                0x080062f4                SPI1_IRQHandler
                0x080062f4                TAMPER_IRQHandler
                0x080062f4                DMA1_Channel4_IRQHandler
                0x080062f4                RTC_IRQHandler
                0x080062f4                DMA1_Channel7_IRQHandler
                0x080062f4                CAN1_RX1_IRQHandler
                0x080062f4                I2C1_EV_IRQHandler
                0x080062f4                DMA1_Channel6_IRQHandler
                0x080062f4                TIM3_IRQHandler
                0x080062f4                RCC_IRQHandler
                0x080062f4                TIM1_TRG_COM_IRQHandler
                0x080062f4                DMA1_Channel1_IRQHandler
                0x080062f4                Default_Handler
                0x080062f4                EXTI15_10_IRQHandler
                0x080062f4                EXTI9_5_IRQHandler
                0x080062f4                SPI2_IRQHandler
                0x080062f4                DMA1_Channel5_IRQHandler
                0x080062f4                EXTI4_IRQHandler
                0x080062f4                USB_HP_CAN1_TX_IRQHandler
                0x080062f4                DMA1_Channel3_IRQHandler
                0x080062f4                TIM1_UP_IRQHandler
                0x080062f4                WWDG_IRQHandler
                0x080062f4                TIM2_IRQHandler
                0x080062f4                TIM1_BRK_IRQHandler
                0x080062f4                EXTI1_IRQHandler
                0x080062f4                USART2_IRQHandler
                0x080062f4                I2C2_ER_IRQHandler
                0x080062f4                DMA1_Channel2_IRQHandler
                0x080062f4                CAN1_SCE_IRQHandler
                0x080062f4                FLASH_IRQHandler
                0x080062f4                USART1_IRQHandler
                0x080062f4                I2C1_ER_IRQHandler
                0x080062f4                USBWakeUp_IRQHandler
 *fill*         0x080062f6        0x2 
 .text.__libc_init_array
                0x080062f8       0x48 c:/program files (x86)/atollic/truestudio for arm 8.1.0/armtools/bin/../lib/gcc/arm-atollic-eabi/6.3.1/../../../../arm-atollic-eabi/lib/armv7-m\libc_nano.a(lib_a-init.o)
                0x080062f8                __libc_init_array
 .text.memset   0x08006340       0x10 c:/program files (x86)/atollic/truestudio for arm 8.1.0/armtools/bin/../lib/gcc/arm-atollic-eabi/6.3.1/../../../../arm-atollic-eabi/lib/armv7-m\libc_nano.a(lib_a-memset.o)
                0x08006340                memset
 *(.glue_7)
 .glue_7        0x08006350        0x0 linker stubs
 *(.glue_7t)
 .glue_7t       0x08006350        0x0 linker stubs
 *(.eh_frame)
 .eh_frame      0x08006350        0x0 c:/program files (x86)/atollic/truestudio for arm 8.1.0/armtools/bin/../lib/gcc/arm-atollic-eabi/6.3.1/armv7-m/crtbegin.o
 *(.init)
 .init          0x08006350        0x4 c:/program files (x86)/atollic/truestudio for arm 8.1.0/armtools/bin/../lib/gcc/arm-atollic-eabi/6.3.1/armv7-m/crti.o
                0x08006350                _init
 .init          0x08006354        0x8 c:/program files (x86)/atollic/truestudio for arm 8.1.0/armtools/bin/../lib/gcc/arm-atollic-eabi/6.3.1/armv7-m/crtn.o
 *(.fini)
 .fini          0x0800635c        0x4 c:/program files (x86)/atollic/truestudio for arm 8.1.0/armtools/bin/../lib/gcc/arm-atollic-eabi/6.3.1/armv7-m/crti.o
                0x0800635c                _fini
 .fini          0x08006360        0x8 c:/program files (x86)/atollic/truestudio for arm 8.1.0/armtools/bin/../lib/gcc/arm-atollic-eabi/6.3.1/armv7-m/crtn.o
                0x08006368                . = ALIGN (0x4)
                0x08006368                _etext = .

.vfp11_veneer   0x08006368        0x0
 .vfp11_veneer  0x08006368        0x0 linker stubs

.v4_bx          0x08006368        0x0
 .v4_bx         0x08006368        0x0 linker stubs

.iplt           0x08006368        0x0
 .iplt          0x08006368        0x0 c:/program files (x86)/atollic/truestudio for arm 8.1.0/armtools/bin/../lib/gcc/arm-atollic-eabi/6.3.1/armv7-m/crtbegin.o

.rodata         0x08006368       0xa8
                0x08006368                . = ALIGN (0x4)
 *(.rodata)
 .rodata        0x08006368       0x12 Drivers\STM32F1xx_HAL_Driver\Src\stm32f1xx_hal_rcc.o
 *fill*         0x0800637a        0x2 
 .rodata        0x0800637c        0xe Src\main.o
 *fill*         0x0800638a        0x2 
 .rodata        0x0800638c       0x13 Src\usbd_conf.o
 *fill*         0x0800639f        0x1 
 .rodata        0x080063a0       0x56 Src\usbd_desc.o
 *(.rodata*)
 *fill*         0x080063f6        0x2 
 .rodata.AHBPrescTable
                0x080063f8       0x10 Src\system_stm32f1xx.o
                0x080063f8                AHBPrescTable
 .rodata.APBPrescTable
                0x08006408        0x8 Src\system_stm32f1xx.o
                0x08006408                APBPrescTable
                0x08006410                . = ALIGN (0x4)

.rel.dyn        0x08006410        0x0
 .rel.iplt      0x08006410        0x0 c:/program files (x86)/atollic/truestudio for arm 8.1.0/armtools/bin/../lib/gcc/arm-atollic-eabi/6.3.1/armv7-m/crtbegin.o

.ARM.extab
 *(.ARM.extab* .gnu.linkonce.armextab.*)

.ARM            0x08006410        0x0
                0x08006410                __exidx_start = .
 *(.ARM.exidx*)
                0x08006410                __exidx_end = .

.preinit_array  0x08006410        0x0
                0x08006410                PROVIDE (__preinit_array_start, .)
 *(.preinit_array*)
                0x08006410                PROVIDE (__preinit_array_end, .)

.init_array     0x08006410        0x4
                0x08006410                PROVIDE (__init_array_start, .)
 *(SORT(.init_array.*))
 *(.init_array*)
 .init_array    0x08006410        0x4 c:/program files (x86)/atollic/truestudio for arm 8.1.0/armtools/bin/../lib/gcc/arm-atollic-eabi/6.3.1/armv7-m/crtbegin.o
                0x08006414                PROVIDE (__init_array_end, .)

.fini_array     0x08006414        0x4
                [!provide]                PROVIDE (__fini_array_start, .)
 *(SORT(.fini_array.*))
 *(.fini_array*)
 .fini_array    0x08006414        0x4 c:/program files (x86)/atollic/truestudio for arm 8.1.0/armtools/bin/../lib/gcc/arm-atollic-eabi/6.3.1/armv7-m/crtbegin.o
                [!provide]                PROVIDE (__fini_array_end, .)
                0x08006418                _sidata = LOADADDR (.data)

.data           0x20000000       0xfc load address 0x08006418
                0x20000000                . = ALIGN (0x4)
                0x20000000                _sdata = .
 *(.data)
 *(.data*)
 .data.USBD_HID
                0x20000000       0x38 Middlewares\ST\STM32_USB_Device_Library\Class\HID\Src\usbd_hid.o
                0x20000000                USBD_HID
 .data.USBD_HID_CfgDesc
                0x20000038       0x22 Middlewares\ST\STM32_USB_Device_Library\Class\HID\Src\usbd_hid.o
 *fill*         0x2000005a        0x2 
 .data.USBD_HID_Desc
                0x2000005c        0x9 Middlewares\ST\STM32_USB_Device_Library\Class\HID\Src\usbd_hid.o
 *fill*         0x20000065        0x3 
 .data.USBD_HID_DeviceQualifierDesc
                0x20000068        0xa Middlewares\ST\STM32_USB_Device_Library\Class\HID\Src\usbd_hid.o
 *fill*         0x20000072        0x2 
 .data.HID_CUSTOM_ReportDesc
                0x20000074       0x4e Middlewares\ST\STM32_USB_Device_Library\Class\HID\Src\usbd_hid.o
 *fill*         0x200000c2        0x2 
 .data.SystemCoreClock
                0x200000c4        0x4 Src\system_stm32f1xx.o
                0x200000c4                SystemCoreClock
 .data.FS_Desc  0x200000c8       0x1c Src\usbd_desc.o
                0x200000c8                FS_Desc
 .data.USBD_FS_DeviceDesc
                0x200000e4       0x12 Src\usbd_desc.o
                0x200000e4                USBD_FS_DeviceDesc
 *fill*         0x200000f6        0x2 
 .data.USBD_LangIDDesc
                0x200000f8        0x4 Src\usbd_desc.o
                0x200000f8                USBD_LangIDDesc
                0x200000fc                . = ALIGN (0x4)
                0x200000fc                _edata = .

.igot.plt       0x200000fc        0x0 load address 0x08006514
 .igot.plt      0x200000fc        0x0 c:/program files (x86)/atollic/truestudio for arm 8.1.0/armtools/bin/../lib/gcc/arm-atollic-eabi/6.3.1/armv7-m/crtbegin.o
                0x200000fc                . = ALIGN (0x4)

.bss            0x200000fc      0x98c load address 0x08006514
                0x200000fc                _sbss = .
                0x200000fc                __bss_start__ = _sbss
 *(.bss)
 .bss           0x200000fc       0x1c c:/program files (x86)/atollic/truestudio for arm 8.1.0/armtools/bin/../lib/gcc/arm-atollic-eabi/6.3.1/armv7-m/crtbegin.o
 *(.bss*)
 .bss.cfgidx.8080
                0x20000118        0x1 Middlewares\ST\STM32_USB_Device_Library\Core\Src\usbd_ctlreq.o
 .bss.RFID_200ms_counter
                0x20000119        0x1 Src\main.o
                0x20000119                RFID_200ms_counter
 .bss.RFID_flag
                0x2000011a        0x1 Src\main.o
                0x2000011a                RFID_flag
 .bss.RFID_cnt  0x2000011b        0x1 Src\main.o
                0x2000011b                RFID_cnt
 .bss.FLAG      0x2000011c        0x1 Src\main.o
                0x2000011c                FLAG
 *fill*         0x2000011d        0x3 
 .bss.mem.8206  0x20000120       0x14 Src\usbd_conf.o
 *(COMMON)
 COMMON         0x20000134        0x4 Drivers\STM32F1xx_HAL_Driver\Src\stm32f1xx_hal.o
                0x20000134                uwTick
 COMMON         0x20000138       0xca Src\main.o
                0x20000138                htim4
                0x20000178                huart3
                0x200001b8                mediaHID
                0x200001bc                RFID_buffer
                0x200001dc                keyboardHID
                0x200001e4                RFID_to_send
 *fill*         0x20000202        0x2 
 COMMON         0x20000204      0x224 Src\usb_device.o
                0x20000204                hUsbDeviceFS
 COMMON         0x20000428      0x460 Src\usbd_conf.o
                0x20000428                hpcd_USB_FS
 COMMON         0x20000888      0x200 Src\usbd_desc.o
                0x20000888                USBD_StrDesc
                0x20000a88                . = ALIGN (0x4)
                0x20000a88                _ebss = .
                0x20000a88                __bss_end__ = _ebss

._user_heap_stack
                0x20000a88      0x600 load address 0x08006514
                0x20000a88                . = ALIGN (0x4)
                [!provide]                PROVIDE (end, .)
                [!provide]                PROVIDE (_end, .)
                0x20000c88                . = (. + _Min_Heap_Size)
 *fill*         0x20000a88      0x200 
                0x20001088                . = (. + _Min_Stack_Size)
 *fill*         0x20000c88      0x400 
                0x20001088                . = ALIGN (0x4)

/DISCARD/
 libc.a(*)
 libm.a(*)
 libgcc.a(*)

.ARM.attributes
                0x00000000       0x29
 *(.ARM.attributes)
 .ARM.attributes
                0x00000000       0x1d c:/program files (x86)/atollic/truestudio for arm 8.1.0/armtools/bin/../lib/gcc/arm-atollic-eabi/6.3.1/armv7-m/crti.o
 .ARM.attributes
                0x0000001d       0x2d c:/program files (x86)/atollic/truestudio for arm 8.1.0/armtools/bin/../lib/gcc/arm-atollic-eabi/6.3.1/armv7-m/crtbegin.o
 .ARM.attributes
                0x0000004a       0x33 Drivers\STM32F1xx_HAL_Driver\Src\stm32f1xx_hal.o
 .ARM.attributes
                0x0000007d       0x33 Drivers\STM32F1xx_HAL_Driver\Src\stm32f1xx_hal_cortex.o
 .ARM.attributes
                0x000000b0       0x33 Drivers\STM32F1xx_HAL_Driver\Src\stm32f1xx_hal_dma.o
 .ARM.attributes
                0x000000e3       0x33 Drivers\STM32F1xx_HAL_Driver\Src\stm32f1xx_hal_gpio.o
 .ARM.attributes
                0x00000116       0x33 Drivers\STM32F1xx_HAL_Driver\Src\stm32f1xx_hal_pcd.o
 .ARM.attributes
                0x00000149       0x33 Drivers\STM32F1xx_HAL_Driver\Src\stm32f1xx_hal_pcd_ex.o
 .ARM.attributes
                0x0000017c       0x33 Drivers\STM32F1xx_HAL_Driver\Src\stm32f1xx_hal_rcc.o
 .ARM.attributes
                0x000001af       0x33 Drivers\STM32F1xx_HAL_Driver\Src\stm32f1xx_hal_rcc_ex.o
 .ARM.attributes
                0x000001e2       0x33 Drivers\STM32F1xx_HAL_Driver\Src\stm32f1xx_hal_tim.o
 .ARM.attributes
                0x00000215       0x33 Drivers\STM32F1xx_HAL_Driver\Src\stm32f1xx_hal_tim_ex.o
 .ARM.attributes
                0x00000248       0x33 Drivers\STM32F1xx_HAL_Driver\Src\stm32f1xx_hal_uart.o
 .ARM.attributes
                0x0000027b       0x33 Drivers\STM32F1xx_HAL_Driver\Src\stm32f1xx_ll_usb.o
 .ARM.attributes
                0x000002ae       0x33 Middlewares\ST\STM32_USB_Device_Library\Class\HID\Src\usbd_hid.o
 .ARM.attributes
                0x000002e1       0x33 Middlewares\ST\STM32_USB_Device_Library\Core\Src\usbd_core.o
 .ARM.attributes
                0x00000314       0x33 Middlewares\ST\STM32_USB_Device_Library\Core\Src\usbd_ctlreq.o
 .ARM.attributes
                0x00000347       0x33 Middlewares\ST\STM32_USB_Device_Library\Core\Src\usbd_ioreq.o
 .ARM.attributes
                0x0000037a       0x33 Src\main.o
 .ARM.attributes
                0x000003ad       0x33 Src\stm32f1xx_hal_msp.o
 .ARM.attributes
                0x000003e0       0x33 Src\stm32f1xx_it.o
 .ARM.attributes
                0x00000413       0x33 Src\system_stm32f1xx.o
 .ARM.attributes
                0x00000446       0x33 Src\usb_device.o
 .ARM.attributes
                0x00000479       0x33 Src\usbd_conf.o
 .ARM.attributes
                0x000004ac       0x33 Src\usbd_desc.o
 .ARM.attributes
                0x000004df       0x21 startup\startup_stm32f103xb.o
 .ARM.attributes
                0x00000500       0x2d c:/program files (x86)/atollic/truestudio for arm 8.1.0/armtools/bin/../lib/gcc/arm-atollic-eabi/6.3.1/../../../../arm-atollic-eabi/lib/armv7-m\libc_nano.a(lib_a-init.o)
 .ARM.attributes
                0x0000052d       0x2d c:/program files (x86)/atollic/truestudio for arm 8.1.0/armtools/bin/../lib/gcc/arm-atollic-eabi/6.3.1/../../../../arm-atollic-eabi/lib/armv7-m\libc_nano.a(lib_a-memset.o)
 .ARM.attributes
                0x0000055a       0x17 c:/program files (x86)/atollic/truestudio for arm 8.1.0/armtools/bin/../lib/gcc/arm-atollic-eabi/6.3.1/../../../../arm-atollic-eabi/lib/armv7-m\libc_nano.a(lib_a-strlen.o)
 .ARM.attributes
                0x00000571       0x1d c:/program files (x86)/atollic/truestudio for arm 8.1.0/armtools/bin/../lib/gcc/arm-atollic-eabi/6.3.1/armv7-m/crtn.o
OUTPUT(STM32F103C8T6_RFID_password.elf elf32-littlearm)

.debug_info     0x00000000    0x1b61c
 .debug_info    0x00000000      0xe35 Drivers\STM32F1xx_HAL_Driver\Src\stm32f1xx_hal.o
 .debug_info    0x00000e35     0x1303 Drivers\STM32F1xx_HAL_Driver\Src\stm32f1xx_hal_cortex.o
 .debug_info    0x00002138      0xf6c Drivers\STM32F1xx_HAL_Driver\Src\stm32f1xx_hal_dma.o
 .debug_info    0x000030a4      0xe66 Drivers\STM32F1xx_HAL_Driver\Src\stm32f1xx_hal_gpio.o
 .debug_info    0x00003f0a     0x14fc Drivers\STM32F1xx_HAL_Driver\Src\stm32f1xx_hal_pcd.o
 .debug_info    0x00005406      0xdfb Drivers\STM32F1xx_HAL_Driver\Src\stm32f1xx_hal_pcd_ex.o
 .debug_info    0x00006201      0xfcc Drivers\STM32F1xx_HAL_Driver\Src\stm32f1xx_hal_rcc.o
 .debug_info    0x000071cd      0xc04 Drivers\STM32F1xx_HAL_Driver\Src\stm32f1xx_hal_rcc_ex.o
 .debug_info    0x00007dd1     0x29cc Drivers\STM32F1xx_HAL_Driver\Src\stm32f1xx_hal_tim.o
 .debug_info    0x0000a79d     0x177b Drivers\STM32F1xx_HAL_Driver\Src\stm32f1xx_hal_tim_ex.o
 .debug_info    0x0000bf18     0x1997 Drivers\STM32F1xx_HAL_Driver\Src\stm32f1xx_hal_uart.o
 .debug_info    0x0000d8af     0x16b9 Drivers\STM32F1xx_HAL_Driver\Src\stm32f1xx_ll_usb.o
 .debug_info    0x0000ef68     0x1044 Middlewares\ST\STM32_USB_Device_Library\Class\HID\Src\usbd_hid.o
 .debug_info    0x0000ffac     0x116a Middlewares\ST\STM32_USB_Device_Library\Core\Src\usbd_core.o
 .debug_info    0x00011116     0x10cb Middlewares\ST\STM32_USB_Device_Library\Core\Src\usbd_ctlreq.o
 .debug_info    0x000121e1      0xecb Middlewares\ST\STM32_USB_Device_Library\Core\Src\usbd_ioreq.o
 .debug_info    0x000130ac     0x1aa3 Src\main.o
 .debug_info    0x00014b4f     0x13b3 Src\stm32f1xx_hal_msp.o
 .debug_info    0x00015f02     0x14ab Src\stm32f1xx_it.o
 .debug_info    0x000173ad      0xc04 Src\system_stm32f1xx.o
 .debug_info    0x00017fb1      0xd48 Src\usb_device.o
 .debug_info    0x00018cf9     0x1c85 Src\usbd_conf.o
 .debug_info    0x0001a97e      0xc00 Src\usbd_desc.o
 .debug_info    0x0001b57e       0x9e startup\startup_stm32f103xb.o

.debug_abbrev   0x00000000     0x3652
 .debug_abbrev  0x00000000      0x28f Drivers\STM32F1xx_HAL_Driver\Src\stm32f1xx_hal.o
 .debug_abbrev  0x0000028f      0x368 Drivers\STM32F1xx_HAL_Driver\Src\stm32f1xx_hal_cortex.o
 .debug_abbrev  0x000005f7      0x26a Drivers\STM32F1xx_HAL_Driver\Src\stm32f1xx_hal_dma.o
 .debug_abbrev  0x00000861      0x24c Drivers\STM32F1xx_HAL_Driver\Src\stm32f1xx_hal_gpio.o
 .debug_abbrev  0x00000aad      0x2d6 Drivers\STM32F1xx_HAL_Driver\Src\stm32f1xx_hal_pcd.o
 .debug_abbrev  0x00000d83      0x1e6 Drivers\STM32F1xx_HAL_Driver\Src\stm32f1xx_hal_pcd_ex.o
 .debug_abbrev  0x00000f69      0x2d3 Drivers\STM32F1xx_HAL_Driver\Src\stm32f1xx_hal_rcc.o
 .debug_abbrev  0x0000123c      0x223 Drivers\STM32F1xx_HAL_Driver\Src\stm32f1xx_hal_rcc_ex.o
 .debug_abbrev  0x0000145f      0x2ab Drivers\STM32F1xx_HAL_Driver\Src\stm32f1xx_hal_tim.o
 .debug_abbrev  0x0000170a      0x288 Drivers\STM32F1xx_HAL_Driver\Src\stm32f1xx_hal_tim_ex.o
 .debug_abbrev  0x00001992      0x2ae Drivers\STM32F1xx_HAL_Driver\Src\stm32f1xx_hal_uart.o
 .debug_abbrev  0x00001c40      0x241 Drivers\STM32F1xx_HAL_Driver\Src\stm32f1xx_ll_usb.o
 .debug_abbrev  0x00001e81      0x254 Middlewares\ST\STM32_USB_Device_Library\Class\HID\Src\usbd_hid.o
 .debug_abbrev  0x000020d5      0x25c Middlewares\ST\STM32_USB_Device_Library\Core\Src\usbd_core.o
 .debug_abbrev  0x00002331      0x28c Middlewares\ST\STM32_USB_Device_Library\Core\Src\usbd_ctlreq.o
 .debug_abbrev  0x000025bd      0x1cc Middlewares\ST\STM32_USB_Device_Library\Core\Src\usbd_ioreq.o
 .debug_abbrev  0x00002789      0x290 Src\main.o
 .debug_abbrev  0x00002a19      0x1f6 Src\stm32f1xx_hal_msp.o
 .debug_abbrev  0x00002c0f      0x1d1 Src\stm32f1xx_it.o
 .debug_abbrev  0x00002de0      0x1eb Src\system_stm32f1xx.o
 .debug_abbrev  0x00002fcb      0x19d Src\usb_device.o
 .debug_abbrev  0x00003168      0x2ad Src\usbd_conf.o
 .debug_abbrev  0x00003415      0x22b Src\usbd_desc.o
 .debug_abbrev  0x00003640       0x12 startup\startup_stm32f103xb.o

.debug_aranges  0x00000000     0x10c8
 .debug_aranges
                0x00000000       0xb8 Drivers\STM32F1xx_HAL_Driver\Src\stm32f1xx_hal.o
 .debug_aranges
                0x000000b8      0x100 Drivers\STM32F1xx_HAL_Driver\Src\stm32f1xx_hal_cortex.o
 .debug_aranges
                0x000001b8       0x80 Drivers\STM32F1xx_HAL_Driver\Src\stm32f1xx_hal_dma.o
 .debug_aranges
                0x00000238       0x58 Drivers\STM32F1xx_HAL_Driver\Src\stm32f1xx_hal_gpio.o
 .debug_aranges
                0x00000290      0x120 Drivers\STM32F1xx_HAL_Driver\Src\stm32f1xx_hal_pcd.o
 .debug_aranges
                0x000003b0       0x28 Drivers\STM32F1xx_HAL_Driver\Src\stm32f1xx_hal_pcd_ex.o
 .debug_aranges
                0x000003d8       0x90 Drivers\STM32F1xx_HAL_Driver\Src\stm32f1xx_hal_rcc.o
 .debug_aranges
                0x00000468       0x30 Drivers\STM32F1xx_HAL_Driver\Src\stm32f1xx_hal_rcc_ex.o
 .debug_aranges
                0x00000498      0x368 Drivers\STM32F1xx_HAL_Driver\Src\stm32f1xx_hal_tim.o
 .debug_aranges
                0x00000800      0x138 Drivers\STM32F1xx_HAL_Driver\Src\stm32f1xx_hal_tim_ex.o
 .debug_aranges
                0x00000938      0x1d0 Drivers\STM32F1xx_HAL_Driver\Src\stm32f1xx_hal_uart.o
 .debug_aranges
                0x00000b08      0x100 Drivers\STM32F1xx_HAL_Driver\Src\stm32f1xx_ll_usb.o
 .debug_aranges
                0x00000c08       0x58 Middlewares\ST\STM32_USB_Device_Library\Class\HID\Src\usbd_hid.o
 .debug_aranges
                0x00000c60       0xb8 Middlewares\ST\STM32_USB_Device_Library\Core\Src\usbd_core.o
 .debug_aranges
                0x00000d18       0x88 Middlewares\ST\STM32_USB_Device_Library\Core\Src\usbd_ctlreq.o
 .debug_aranges
                0x00000da0       0x50 Middlewares\ST\STM32_USB_Device_Library\Core\Src\usbd_ioreq.o
 .debug_aranges
                0x00000df0       0x50 Src\main.o
 .debug_aranges
                0x00000e40       0x40 Src\stm32f1xx_hal_msp.o
 .debug_aranges
                0x00000e80       0x78 Src\stm32f1xx_it.o
 .debug_aranges
                0x00000ef8       0x28 Src\system_stm32f1xx.o
 .debug_aranges
                0x00000f20       0x20 Src\usb_device.o
 .debug_aranges
                0x00000f40      0x110 Src\usbd_conf.o
 .debug_aranges
                0x00001050       0x50 Src\usbd_desc.o
 .debug_aranges
                0x000010a0       0x28 startup\startup_stm32f103xb.o

.debug_ranges   0x00000000      0xf50
 .debug_ranges  0x00000000       0xa8 Drivers\STM32F1xx_HAL_Driver\Src\stm32f1xx_hal.o
 .debug_ranges  0x000000a8       0xf0 Drivers\STM32F1xx_HAL_Driver\Src\stm32f1xx_hal_cortex.o
 .debug_ranges  0x00000198       0x70 Drivers\STM32F1xx_HAL_Driver\Src\stm32f1xx_hal_dma.o
 .debug_ranges  0x00000208       0x48 Drivers\STM32F1xx_HAL_Driver\Src\stm32f1xx_hal_gpio.o
 .debug_ranges  0x00000250      0x110 Drivers\STM32F1xx_HAL_Driver\Src\stm32f1xx_hal_pcd.o
 .debug_ranges  0x00000360       0x18 Drivers\STM32F1xx_HAL_Driver\Src\stm32f1xx_hal_pcd_ex.o
 .debug_ranges  0x00000378       0x80 Drivers\STM32F1xx_HAL_Driver\Src\stm32f1xx_hal_rcc.o
 .debug_ranges  0x000003f8       0x20 Drivers\STM32F1xx_HAL_Driver\Src\stm32f1xx_hal_rcc_ex.o
 .debug_ranges  0x00000418      0x358 Drivers\STM32F1xx_HAL_Driver\Src\stm32f1xx_hal_tim.o
 .debug_ranges  0x00000770      0x128 Drivers\STM32F1xx_HAL_Driver\Src\stm32f1xx_hal_tim_ex.o
 .debug_ranges  0x00000898      0x1c0 Drivers\STM32F1xx_HAL_Driver\Src\stm32f1xx_hal_uart.o
 .debug_ranges  0x00000a58       0xf0 Drivers\STM32F1xx_HAL_Driver\Src\stm32f1xx_ll_usb.o
 .debug_ranges  0x00000b48       0x48 Middlewares\ST\STM32_USB_Device_Library\Class\HID\Src\usbd_hid.o
 .debug_ranges  0x00000b90       0xa8 Middlewares\ST\STM32_USB_Device_Library\Core\Src\usbd_core.o
 .debug_ranges  0x00000c38       0x78 Middlewares\ST\STM32_USB_Device_Library\Core\Src\usbd_ctlreq.o
 .debug_ranges  0x00000cb0       0x40 Middlewares\ST\STM32_USB_Device_Library\Core\Src\usbd_ioreq.o
 .debug_ranges  0x00000cf0       0x40 Src\main.o
 .debug_ranges  0x00000d30       0x30 Src\stm32f1xx_hal_msp.o
 .debug_ranges  0x00000d60       0x68 Src\stm32f1xx_it.o
 .debug_ranges  0x00000dc8       0x18 Src\system_stm32f1xx.o
 .debug_ranges  0x00000de0       0x10 Src\usb_device.o
 .debug_ranges  0x00000df0      0x100 Src\usbd_conf.o
 .debug_ranges  0x00000ef0       0x40 Src\usbd_desc.o
 .debug_ranges  0x00000f30       0x20 startup\startup_stm32f103xb.o

.debug_line     0x00000000     0x82e5
 .debug_line    0x00000000      0x400 Drivers\STM32F1xx_HAL_Driver\Src\stm32f1xx_hal.o
 .debug_line    0x00000400      0x502 Drivers\STM32F1xx_HAL_Driver\Src\stm32f1xx_hal_cortex.o
 .debug_line    0x00000902      0x6eb Drivers\STM32F1xx_HAL_Driver\Src\stm32f1xx_hal_dma.o
 .debug_line    0x00000fed      0x49e Drivers\STM32F1xx_HAL_Driver\Src\stm32f1xx_hal_gpio.o
 .debug_line    0x0000148b      0x781 Drivers\STM32F1xx_HAL_Driver\Src\stm32f1xx_hal_pcd.o
 .debug_line    0x00001c0c      0x2e1 Drivers\STM32F1xx_HAL_Driver\Src\stm32f1xx_hal_pcd_ex.o
 .debug_line    0x00001eed      0x568 Drivers\STM32F1xx_HAL_Driver\Src\stm32f1xx_hal_rcc.o
 .debug_line    0x00002455      0x368 Drivers\STM32F1xx_HAL_Driver\Src\stm32f1xx_hal_rcc_ex.o
 .debug_line    0x000027bd     0x1246 Drivers\STM32F1xx_HAL_Driver\Src\stm32f1xx_hal_tim.o
 .debug_line    0x00003a03      0x851 Drivers\STM32F1xx_HAL_Driver\Src\stm32f1xx_hal_tim_ex.o
 .debug_line    0x00004254      0xb8e Drivers\STM32F1xx_HAL_Driver\Src\stm32f1xx_hal_uart.o
 .debug_line    0x00004de2      0x724 Drivers\STM32F1xx_HAL_Driver\Src\stm32f1xx_ll_usb.o
 .debug_line    0x00005506      0x410 Middlewares\ST\STM32_USB_Device_Library\Class\HID\Src\usbd_hid.o
 .debug_line    0x00005916      0x4da Middlewares\ST\STM32_USB_Device_Library\Core\Src\usbd_core.o
 .debug_line    0x00005df0      0x534 Middlewares\ST\STM32_USB_Device_Library\Core\Src\usbd_ctlreq.o
 .debug_line    0x00006324      0x375 Middlewares\ST\STM32_USB_Device_Library\Core\Src\usbd_ioreq.o
 .debug_line    0x00006699      0x53e Src\main.o
 .debug_line    0x00006bd7      0x33a Src\stm32f1xx_hal_msp.o
 .debug_line    0x00006f11      0x3c3 Src\stm32f1xx_it.o
 .debug_line    0x000072d4      0x289 Src\system_stm32f1xx.o
 .debug_line    0x0000755d      0x33c Src\usb_device.o
 .debug_line    0x00007899      0x671 Src\usbd_conf.o
 .debug_line    0x00007f0a      0x35e Src\usbd_desc.o
 .debug_line    0x00008268       0x7d startup\startup_stm32f103xb.o

.debug_str      0x00000000     0x4a02
 .debug_str     0x00000000      0xafe Drivers\STM32F1xx_HAL_Driver\Src\stm32f1xx_hal.o
                                0xb99 (size before relaxing)
 .debug_str     0x00000afe      0x326 Drivers\STM32F1xx_HAL_Driver\Src\stm32f1xx_hal_cortex.o
                                0xd42 (size before relaxing)
 .debug_str     0x00000e24      0x3f0 Drivers\STM32F1xx_HAL_Driver\Src\stm32f1xx_hal_dma.o
                                0xa9a (size before relaxing)
 .debug_str     0x00001214      0x1c4 Drivers\STM32F1xx_HAL_Driver\Src\stm32f1xx_hal_gpio.o
                                0x8af (size before relaxing)
 .debug_str     0x000013d8      0x5fc Drivers\STM32F1xx_HAL_Driver\Src\stm32f1xx_hal_pcd.o
                                0xd08 (size before relaxing)
 .debug_str     0x000019d4       0x74 Drivers\STM32F1xx_HAL_Driver\Src\stm32f1xx_hal_pcd_ex.o
                                0x9d4 (size before relaxing)
 .debug_str     0x00001a48      0x31f Drivers\STM32F1xx_HAL_Driver\Src\stm32f1xx_hal_rcc.o
                                0xa5f (size before relaxing)
 .debug_str     0x00001d67      0x12b Drivers\STM32F1xx_HAL_Driver\Src\stm32f1xx_hal_rcc_ex.o
                                0x849 (size before relaxing)
 .debug_str     0x00001e92      0xecf Drivers\STM32F1xx_HAL_Driver\Src\stm32f1xx_hal_tim.o
                               0x1789 (size before relaxing)
 .debug_str     0x00002d61      0x527 Drivers\STM32F1xx_HAL_Driver\Src\stm32f1xx_hal_tim_ex.o
                               0x1026 (size before relaxing)
 .debug_str     0x00003288      0x6d6 Drivers\STM32F1xx_HAL_Driver\Src\stm32f1xx_hal_uart.o
                                0xf91 (size before relaxing)
 .debug_str     0x0000395e      0x2d3 Drivers\STM32F1xx_HAL_Driver\Src\stm32f1xx_ll_usb.o
                                0xba7 (size before relaxing)
 .debug_str     0x00003c31      0x4fc Middlewares\ST\STM32_USB_Device_Library\Class\HID\Src\usbd_hid.o
                                0xbc1 (size before relaxing)
 .debug_str     0x0000412d      0x1c1 Middlewares\ST\STM32_USB_Device_Library\Core\Src\usbd_core.o
                                0xbc0 (size before relaxing)
 .debug_str     0x000042ee      0x12f Middlewares\ST\STM32_USB_Device_Library\Core\Src\usbd_ctlreq.o
                                0xb46 (size before relaxing)
 .debug_str     0x0000441d       0xc9 Middlewares\ST\STM32_USB_Device_Library\Core\Src\usbd_ioreq.o
                                0xace (size before relaxing)
 .debug_str     0x000044e6      0x130 Src\main.o
                               0x1605 (size before relaxing)
 .debug_str     0x00004616       0x25 Src\stm32f1xx_hal_msp.o
                                0xf9c (size before relaxing)
 .debug_str     0x0000463b       0xef Src\stm32f1xx_it.o
                                0xf61 (size before relaxing)
 .debug_str     0x0000472a       0x4d Src\system_stm32f1xx.o
                                0x718 (size before relaxing)
 .debug_str     0x00004777       0x27 Src\usb_device.o
                                0xa09 (size before relaxing)
 .debug_str     0x0000479e      0x156 Src\usbd_conf.o
                               0x1378 (size before relaxing)
 .debug_str     0x000048f4      0x10e Src\usbd_desc.o
                                0x871 (size before relaxing)

.comment        0x00000000       0x7c
 .comment       0x00000000       0x7c Drivers\STM32F1xx_HAL_Driver\Src\stm32f1xx_hal.o
                                 0x7d (size before relaxing)
 .comment       0x0000007c       0x7d Drivers\STM32F1xx_HAL_Driver\Src\stm32f1xx_hal_cortex.o
 .comment       0x0000007c       0x7d Drivers\STM32F1xx_HAL_Driver\Src\stm32f1xx_hal_dma.o
 .comment       0x0000007c       0x7d Drivers\STM32F1xx_HAL_Driver\Src\stm32f1xx_hal_gpio.o
 .comment       0x0000007c       0x7d Drivers\STM32F1xx_HAL_Driver\Src\stm32f1xx_hal_pcd.o
 .comment       0x0000007c       0x7d Drivers\STM32F1xx_HAL_Driver\Src\stm32f1xx_hal_pcd_ex.o
 .comment       0x0000007c       0x7d Drivers\STM32F1xx_HAL_Driver\Src\stm32f1xx_hal_rcc.o
 .comment       0x0000007c       0x7d Drivers\STM32F1xx_HAL_Driver\Src\stm32f1xx_hal_rcc_ex.o
 .comment       0x0000007c       0x7d Drivers\STM32F1xx_HAL_Driver\Src\stm32f1xx_hal_tim.o
 .comment       0x0000007c       0x7d Drivers\STM32F1xx_HAL_Driver\Src\stm32f1xx_hal_tim_ex.o
 .comment       0x0000007c       0x7d Drivers\STM32F1xx_HAL_Driver\Src\stm32f1xx_hal_uart.o
 .comment       0x0000007c       0x7d Drivers\STM32F1xx_HAL_Driver\Src\stm32f1xx_ll_usb.o
 .comment       0x0000007c       0x7d Middlewares\ST\STM32_USB_Device_Library\Class\HID\Src\usbd_hid.o
 .comment       0x0000007c       0x7d Middlewares\ST\STM32_USB_Device_Library\Core\Src\usbd_core.o
 .comment       0x0000007c       0x7d Middlewares\ST\STM32_USB_Device_Library\Core\Src\usbd_ctlreq.o
 .comment       0x0000007c       0x7d Middlewares\ST\STM32_USB_Device_Library\Core\Src\usbd_ioreq.o
 .comment       0x0000007c       0x7d Src\main.o
 .comment       0x0000007c       0x7d Src\stm32f1xx_hal_msp.o
 .comment       0x0000007c       0x7d Src\stm32f1xx_it.o
 .comment       0x0000007c       0x7d Src\system_stm32f1xx.o
 .comment       0x0000007c       0x7d Src\usb_device.o
 .comment       0x0000007c       0x7d Src\usbd_conf.o
 .comment       0x0000007c       0x7d Src\usbd_desc.o

.debug_frame    0x00000000     0x44d4
 .debug_frame   0x00000000      0x298 Drivers\STM32F1xx_HAL_Driver\Src\stm32f1xx_hal.o
 .debug_frame   0x00000298      0x428 Drivers\STM32F1xx_HAL_Driver\Src\stm32f1xx_hal_cortex.o
 .debug_frame   0x000006c0      0x208 Drivers\STM32F1xx_HAL_Driver\Src\stm32f1xx_hal_dma.o
 .debug_frame   0x000008c8      0x14c Drivers\STM32F1xx_HAL_Driver\Src\stm32f1xx_hal_gpio.o
 .debug_frame   0x00000a14      0x4fc Drivers\STM32F1xx_HAL_Driver\Src\stm32f1xx_hal_pcd.o
 .debug_frame   0x00000f10       0x60 Drivers\STM32F1xx_HAL_Driver\Src\stm32f1xx_hal_pcd_ex.o
 .debug_frame   0x00000f70      0x218 Drivers\STM32F1xx_HAL_Driver\Src\stm32f1xx_hal_rcc.o
 .debug_frame   0x00001188       0x84 Drivers\STM32F1xx_HAL_Driver\Src\stm32f1xx_hal_rcc_ex.o
 .debug_frame   0x0000120c      0xfb4 Drivers\STM32F1xx_HAL_Driver\Src\stm32f1xx_hal_tim.o
 .debug_frame   0x000021c0      0x54c Drivers\STM32F1xx_HAL_Driver\Src\stm32f1xx_hal_tim_ex.o
 .debug_frame   0x0000270c      0x83c Drivers\STM32F1xx_HAL_Driver\Src\stm32f1xx_hal_uart.o
 .debug_frame   0x00002f48      0x4b4 Drivers\STM32F1xx_HAL_Driver\Src\stm32f1xx_ll_usb.o
 .debug_frame   0x000033fc      0x140 Middlewares\ST\STM32_USB_Device_Library\Class\HID\Src\usbd_hid.o
 .debug_frame   0x0000353c      0x300 Middlewares\ST\STM32_USB_Device_Library\Core\Src\usbd_core.o
 .debug_frame   0x0000383c      0x210 Middlewares\ST\STM32_USB_Device_Library\Core\Src\usbd_ctlreq.o
 .debug_frame   0x00003a4c      0x10c Middlewares\ST\STM32_USB_Device_Library\Core\Src\usbd_ioreq.o
 .debug_frame   0x00003b58       0xf8 Src\main.o
 .debug_frame   0x00003c50       0xc4 Src\stm32f1xx_hal_msp.o
 .debug_frame   0x00003d14      0x160 Src\stm32f1xx_it.o
 .debug_frame   0x00003e74       0x58 Src\system_stm32f1xx.o
 .debug_frame   0x00003ecc       0x2c Src\usb_device.o
 .debug_frame   0x00003ef8      0x47c Src\usbd_conf.o
 .debug_frame   0x00004374      0x114 Src\usbd_desc.o
 .debug_frame   0x00004488       0x2c c:/program files (x86)/atollic/truestudio for arm 8.1.0/armtools/bin/../lib/gcc/arm-atollic-eabi/6.3.1/../../../../arm-atollic-eabi/lib/armv7-m\libc_nano.a(lib_a-init.o)
 .debug_frame   0x000044b4       0x20 c:/program files (x86)/atollic/truestudio for arm 8.1.0/armtools/bin/../lib/gcc/arm-atollic-eabi/6.3.1/../../../../arm-atollic-eabi/lib/armv7-m\libc_nano.a(lib_a-memset.o)
