stm32f1xx_ll_usb.c:1559:19:USB_CoreInit	16	static
stm32f1xx_ll_usb.c:1577:19:USB_EnableGlobalInt	24	static
stm32f1xx_ll_usb.c:1597:19:USB_DisableGlobalInt	24	static
stm32f1xx_ll_usb.c:1619:19:USB_SetCurrentMode	16	static
stm32f1xx_ll_usb.c:1639:19:USB_DevInit	16	static
stm32f1xx_ll_usb.c:1671:19:USB_FlushTxFifo	16	static
stm32f1xx_ll_usb.c:1688:19:USB_FlushRxFifo	16	static
stm32f1xx_ll_usb.c:1705:19:USB_ActivateEndpoint	24	static
stm32f1xx_ll_usb.c:1790:19:USB_DeactivateEndpoint	16	static
stm32f1xx_ll_usb.c:1843:19:USB_EPStartXfer	64	static
stm32f1xx_ll_usb.c:1931:19:USB_WritePacket	24	static
stm32f1xx_ll_usb.c:1953:7:USB_ReadPacket	24	static
stm32f1xx_ll_usb.c:1972:19:USB_EPSetStall	16	static
stm32f1xx_ll_usb.c:1999:19:USB_EPClearStall	16	static
stm32f1xx_ll_usb.c:2019:19:USB_StopDevice	16	static
stm32f1xx_ll_usb.c:2040:20:USB_SetDevAddress	16	static
stm32f1xx_ll_usb.c:2056:20:USB_DevConnect	16	static
stm32f1xx_ll_usb.c:2072:20:USB_DevDisconnect	16	static
stm32f1xx_ll_usb.c:2088:11:USB_ReadInterrupts	24	static
stm32f1xx_ll_usb.c:2101:10:USB_ReadDevAllOutEpInterrupt	16	static
stm32f1xx_ll_usb.c:2117:10:USB_ReadDevAllInEpInterrupt	16	static
stm32f1xx_ll_usb.c:2135:10:USB_ReadDevOutEPInterrupt	16	static
stm32f1xx_ll_usb.c:2154:10:USB_ReadDevInEPInterrupt	16	static
stm32f1xx_ll_usb.c:2172:7:USB_ClearInterrupts	16	static
stm32f1xx_ll_usb.c:2189:19:USB_EP0_OutStart	16	static
stm32f1xx_ll_usb.c:2206:19:USB_ActivateRemoteWakeup	16	static
stm32f1xx_ll_usb.c:2218:19:USB_DeActivateRemoteWakeup	16	static
stm32f1xx_ll_usb.c:2232:6:USB_WritePMA	48	static
stm32f1xx_ll_usb.c:2258:6:USB_ReadPMA	40	static
