stm32f1xx_it.c:56:6:NMI_Handler	4	static
stm32f1xx_it.c:69:6:HardFault_Handler	4	static
stm32f1xx_it.c:85:6:MemManage_Handler	4	static
stm32f1xx_it.c:101:6:BusFault_Handler	4	static
stm32f1xx_it.c:117:6:UsageFault_Handler	4	static
stm32f1xx_it.c:133:6:SVC_Handler	4	static
stm32f1xx_it.c:146:6:DebugMon_Handler	4	static
stm32f1xx_it.c:159:6:PendSV_Handler	4	static
stm32f1xx_it.c:172:6:SysTick_Handler	8	static
stm32f1xx_it.c:194:6:USB_LP_CAN1_RX0_IRQHandler	8	static
stm32f1xx_it.c:208:6:TIM4_IRQHandler	8	static
stm32f1xx_it.c:234:6:USART3_IRQHandler	8	static
